################################################################################
#                                                                              #
#      IAR Universal Linker V5.0.2.5/W32                                       #
#                                                                              #
#           Link time     =  17/Oct/2011  13:33:55                             #
#           Target CPU    =  MSP430                                            #
#           List file     =  "C:\Wireless\AIR_Stacks\AIRBoosterStack\Version 1 #
#                            .0.3\LaunchPad_CC110L_Release\List\AIRBoosterStac #
#                            k.map"                                            #
#           Output file 1 =  "C:\Wireless\AIR_Stacks\AIRBoosterStack\Version 1 #
#                            .0.3\LaunchPad_CC110L_Release\Exe\AIRBoosterStack #
#                            .txt"                                             #
#                            Format: msp430_txt                                #
#           Command line  =  "C:\Wireless\AIR_Stacks\AIRBoosterStack\Version 1 #
#                            .0.3\LaunchPad_CC110L_Release\Obj\ADC10.r43"      #
#                            "C:\Wireless\AIR_Stacks\AIRBoosterStack\Version 1 #
#                            .0.3\LaunchPad_CC110L_Release\Obj\Analog.r43"     #
#                            "C:\Wireless\AIR_Stacks\AIRBoosterStack\Version 1 #
#                            .0.3\LaunchPad_CC110L_Release\Obj\Application.r43 #
#                            "                                                 #
#                            "C:\Wireless\AIR_Stacks\AIRBoosterStack\Version 1 #
#                            .0.3\LaunchPad_CC110L_Release\Obj\Architecture.r4 #
#                            3"                                                #
#                            "C:\Wireless\AIR_Stacks\AIRBoosterStack\Version 1 #
#                            .0.3\LaunchPad_CC110L_Release\Obj\BasicClockSyste #
#                            mPlus.r43"                                        #
#                            "C:\Wireless\AIR_Stacks\AIRBoosterStack\Version 1 #
#                            .0.3\LaunchPad_CC110L_Release\Obj\CC1101Interface #
#                            .r43"                                             #
#                            "C:\Wireless\AIR_Stacks\AIRBoosterStack\Version 1 #
#                            .0.3\LaunchPad_CC110L_Release\Obj\CCXXXInterface. #
#                            r43"                                              #
#                            "C:\Wireless\AIR_Stacks\AIRBoosterStack\Version 1 #
#                            .0.3\LaunchPad_CC110L_Release\Obj\COMPortInterfac #
#                            e.r43"                                            #
#                            "C:\Wireless\AIR_Stacks\AIRBoosterStack\Version 1 #
#                            .0.3\LaunchPad_CC110L_Release\Obj\Callback.r43"   #
#                            "C:\Wireless\AIR_Stacks\AIRBoosterStack\Version 1 #
#                            .0.3\LaunchPad_CC110L_Release\Obj\CommandInterfac #
#                            e.r43"                                            #
#                            "C:\Wireless\AIR_Stacks\AIRBoosterStack\Version 1 #
#                            .0.3\LaunchPad_CC110L_Release\Obj\Communication.r #
#                            43"                                               #
#                            "C:\Wireless\AIR_Stacks\AIRBoosterStack\Version 1 #
#                            .0.3\LaunchPad_CC110L_Release\Obj\DataConverter.r #
#                            43"                                               #
#                            "C:\Wireless\AIR_Stacks\AIRBoosterStack\Version 1 #
#                            .0.3\LaunchPad_CC110L_Release\Obj\DigitalIO.r43"  #
#                            "C:\Wireless\AIR_Stacks\AIRBoosterStack\Version 1 #
#                            .0.3\LaunchPad_CC110L_Release\Obj\FPI.r43"        #
#                            "C:\Wireless\AIR_Stacks\AIRBoosterStack\Version 1 #
#                            .0.3\LaunchPad_CC110L_Release\Obj\GPIO.r43"       #
#                            "C:\Wireless\AIR_Stacks\AIRBoosterStack\Version 1 #
#                            .0.3\LaunchPad_CC110L_Release\Obj\LCD.r43"        #
#                            "C:\Wireless\AIR_Stacks\AIRBoosterStack\Version 1 #
#                            .0.3\LaunchPad_CC110L_Release\Obj\LEDInterface.r4 #
#                            3"                                                #
#                            "C:\Wireless\AIR_Stacks\AIRBoosterStack\Version 1 #
#                            .0.3\LaunchPad_CC110L_Release\Obj\MCUInterface.r4 #
#                            3"                                                #
#                            "C:\Wireless\AIR_Stacks\AIRBoosterStack\Version 1 #
#                            .0.3\LaunchPad_CC110L_Release\Obj\Protocol.r43"   #
#                            "C:\Wireless\AIR_Stacks\AIRBoosterStack\Version 1 #
#                            .0.3\LaunchPad_CC110L_Release\Obj\RadioInterface. #
#                            r43"                                              #
#                            "C:\Wireless\AIR_Stacks\AIRBoosterStack\Version 1 #
#                            .0.3\LaunchPad_CC110L_Release\Obj\RadioOperation. #
#                            r43"                                              #
#                            "C:\Wireless\AIR_Stacks\AIRBoosterStack\Version 1 #
#                            .0.3\LaunchPad_CC110L_Release\Obj\SpecialModule.r #
#                            43"                                               #
#                            "C:\Wireless\AIR_Stacks\AIRBoosterStack\Version 1 #
#                            .0.3\LaunchPad_CC110L_Release\Obj\Timer.r43"      #
#                            "C:\Wireless\AIR_Stacks\AIRBoosterStack\Version 1 #
#                            .0.3\LaunchPad_CC110L_Release\Obj\TimerA.r43"     #
#                            "C:\Wireless\AIR_Stacks\AIRBoosterStack\Version 1 #
#                            .0.3\LaunchPad_CC110L_Release\Obj\USCI.r43"       #
#                            "C:\Wireless\AIR_Stacks\AIRBoosterStack\Version 1 #
#                            .0.3\LaunchPad_CC110L_Release\Obj\WatchdogTimerPl #
#                            us.r43"                                           #
#                            "C:\Wireless\AIR_Stacks\AIRBoosterStack\Version 1 #
#                            .0.3\LaunchPad_CC110L_Release\Obj\main.r43"       #
#                            -o                                                #
#                            "C:\Wireless\AIR_Stacks\AIRBoosterStack\Version 1 #
#                            .0.3\LaunchPad_CC110L_Release\Exe\AIRBoosterStack #
#                            .txt"                                             #
#                            -Fmsp430_txt -l                                   #
#                            "C:\Wireless\AIR_Stacks\AIRBoosterStack\Version 1 #
#                            .0.3\LaunchPad_CC110L_Release\List\AIRBoosterStac #
#                            k.map"                                            #
#                            -xmsn                                             #
#                            "-IC:\Program Files (x86)\IAR Systems\Embedded Wo #
#                            rkbench 6.0\430\LIB\"                             #
#                            -f                                                #
#                            "C:\Program Files (x86)\IAR Systems\Embedded Work #
#                            bench 6.0\430\CONFIG\lnk430G2553.xcl"             #
#                            (-cmsp430 -QCODE_I=CODE_ID                        #
#                            -Z(DATA)DATA16_I,DATA16_Z,DATA16_N,DATA16_HEAP+_D #
#                            ATA16_HEAP_SIZE=0200-03FF                         #
#                            -Z(DATA)CODE_I -Z(DATA)CSTACK+_STACK_SIZE#        #
#                            -Z(CONST)INFO=1000-10FF                           #
#                            -Z(CONST)INFOA=10C0-10FF                          #
#                            -Z(CONST)INFOB=1080-10BF                          #
#                            -Z(CONST)INFOC=1040-107F                          #
#                            -Z(CONST)INFOD=1000-103F                          #
#                            -Z(CONST)DATA16_C,DATA16_ID,DIFUNCT,CHECKSUM=C000 #
#                            -FFDF                                             #
#                            -Z(CODE)CSTART,ISR_CODE,CODE_ID=C000-FFDF         #
#                            -P(CODE)CODE=C000-FFDF -Z(CODE)INTVEC=FFE0-FFFF   #
#                            -Z(CODE)RESET=FFFE-FFFF) -D_STACK_SIZE=B4         #
#                            "C:\Program Files (x86)\IAR Systems\Embedded Work #
#                            bench 6.0\430\LIB\DLIB\dl430fn.r43"               #
#                            -D_DATA16_HEAP_SIZE=50 -s __program_start         #
#                            -D_DATA20_HEAP_SIZE=50                            #
#                                                                              #
#                           Copyright (C) 1987-2010 IAR Systems AB.            #
################################################################################





                ****************************************
                *                                      *
                *           CROSS REFERENCE            *
                *                                      *
                ****************************************

       Program entry at :           C96E  Relocatable, from module : ?cstart




                ****************************************
                *                                      *
                *            RUNTIME MODEL             *
                *                                      *
                ****************************************

  __SystemLibrary            = DLib
  __core                     = 430
  __dlib_file_descriptor     = 0
  __dlib_full_locale_support = 0
  __double_size              = 32
  __pic                      = no
  __reg_r4                   = free
  __reg_r5                   = free
  __rt_version               = 3



                ****************************************
                *                                      *
                *              MODULE MAP              *
                *                                      *
                ****************************************


  DEFINED ABSOLUTE ENTRIES
    *************************************************************************

  DEFINED ABSOLUTE ENTRIES
  PROGRAM MODULE, NAME : ?ABS_ENTRY_MOD

Absolute parts
           ENTRY                   ADDRESS         REF BY
           =====                   =======         ======
           _DATA20_HEAP_SIZE       0050 
           _DATA16_HEAP_SIZE       0050 
           _STACK_SIZE             00B4 
    *************************************************************************

  FILE NAME : C:\Wireless\AIR_Stacks\AIRBoosterStack\Version 1.0.3\LaunchPad_CC110L_Release\Obj\ADC10.r43
  PROGRAM MODULE, NAME : ADC10

  SEGMENTS IN THE MODULE
  ======================
DATA16_AN
  Relative segment, address: 0048 - 0048 (0x1 bytes), align: 0
  Segment part 1. ROOT.       Intra module refs:   InitADC10
           ENTRY                   ADDRESS         REF BY
           =====                   =======         ======
           _A_ADC10DTC0            0048 
    -------------------------------------------------------------------------
DATA16_AN
  Relative segment, address: 0049 - 0049 (0x1 bytes), align: 0
  Segment part 2. ROOT.       Intra module refs:   InitADC10
           ENTRY                   ADDRESS         REF BY
           =====                   =======         ======
           ADC10DTC1               0049 
    -------------------------------------------------------------------------
DATA16_AN
  Relative segment, address: 004A - 004A (0x1 bytes), align: 0
  Segment part 3. ROOT.       Intra module refs:   InitADC10
           ENTRY                   ADDRESS         REF BY
           =====                   =======         ======
           ADC10AE0                004A 
    -------------------------------------------------------------------------
DATA16_AN
  Relative segment, address: 01B0 - 01B1 (0x2 bytes), align: 0
  Segment part 4. ROOT.       Intra module refs:   ADC10ISR
                                                   CreateRandomAddress (Application)
                                                   InitADC10
           ENTRY                   ADDRESS         REF BY
           =====                   =======         ======
           _A_ADC10CTL0            01B0 
    -------------------------------------------------------------------------
DATA16_AN
  Relative segment, address: 01B2 - 01B3 (0x2 bytes), align: 0
  Segment part 5. ROOT.       Intra module refs:   CreateRandomAddress (Application)
                                                   InitADC10
           ENTRY                   ADDRESS         REF BY
           =====                   =======         ======
           _A_ADC10CTL1            01B2 
    -------------------------------------------------------------------------
DATA16_AN
  Relative segment, address: 01B4 - 01B5 (0x2 bytes), align: 0
  Segment part 6. ROOT.       Intra module refs:   CreateRandomAddress (Application)
                                                   HWMap_ChipTemp (CommandInterface)
           ENTRY                   ADDRESS         REF BY
           =====                   =======         ======
           ADC10MEM                01B4 
    -------------------------------------------------------------------------
DATA16_AN
  Relative segment, address: 01BC - 01BD (0x2 bytes), align: 0
  Segment part 7. ROOT.       Intra module refs:   InitADC10
           ENTRY                   ADDRESS         REF BY
           =====                   =======         ======
           ADC10SA                 01BC 
    -------------------------------------------------------------------------
<CODE> 1 (was CODE)
  Relative segment, address: FAFC - FB19 (0x1e bytes), align: 1
  Segment part 19.
           ENTRY                   ADDRESS         REF BY
           =====                   =======         ======
           InitADC10               FAFC            InitDataConverters (DataConverter)
               CSTACK = 00000000 ( 00000002 )
    -------------------------------------------------------------------------
<CODE> 1 (was CODE)
  Relative segment, address: F98C - F9AF (0x24 bytes), align: 1
  Segment part 10.            Intra module refs:   ADC10ISR::??INTVEC 10
           ENTRY                   ADDRESS         REF BY
           =====                   =======         ======
           ADC10ISR                F98C 
               interrupt function
               calls direct
               CSTACK = 00000000 ( 0000000C )
    -------------------------------------------------------------------------
INTVEC
  Common segment, address: FFE0 - FFEB (0xc bytes), align: 1
  Segment part 8. ROOT.
           ENTRY                   ADDRESS         REF BY
           =====                   =======         ======
           ADC10ISR::??INTVEC 10   FFEA 

    *************************************************************************

  FILE NAME : C:\Wireless\AIR_Stacks\AIRBoosterStack\Version 1.0.3\LaunchPad_CC110L_Release\Obj\Analog.r43
    *************************************************************************

  FILE NAME : C:\Wireless\AIR_Stacks\AIRBoosterStack\Version 1.0.3\LaunchPad_CC110L_Release\Obj\Application.r43
  PROGRAM MODULE, NAME : Application

  SEGMENTS IN THE MODULE
  ======================
DATA16_AN
  Relative segment, address: 1000 - 1003 (0x4 bytes), align: 0
  Segment part 4. ROOT.       Intra module refs:   ReadMyFlashedID
                                                   WriteMyFlashedID
           ENTRY                   ADDRESS         REF BY
           =====                   =======         ======
           MyFlashedID             1000 
    -------------------------------------------------------------------------
DATA16_AN
  Relative segment, address: 1004 - 1007 (0x4 bytes), align: 0
  Segment part 5. ROOT.
           ENTRY                   ADDRESS         REF BY
           =====                   =======         ======
           MyFlashedPairedID       1004 
    -------------------------------------------------------------------------
DATA16_AN
  Relative segment, address: 1008 - 100B (0x4 bytes), align: 0
  Segment part 6. ROOT.       Intra module refs:   InitRadio (RadioOperation)
                                                   WriteMyFlashedRSCP
           ENTRY                   ADDRESS         REF BY
           =====                   =======         ======
           MyFlashedRSCP           1008 
    -------------------------------------------------------------------------
DATA16_AN
  Relative segment, address: 1010 - 1010 (0x1 bytes), align: 0
  Segment part 7. ROOT.       Intra module refs:   InitApplication
                                                   SetApplicationState
                                                   main (main)
           ENTRY                   ADDRESS         REF BY
           =====                   =======         ======
           MyFlashedAppState       1010 
    -------------------------------------------------------------------------
DATA16_I
  Relative segment, address: 0248 - 0248 (0x1 bytes), align: 0
  Segment part 10.            Intra module refs:   AddNodeToNetwork
                                                   InitApplication
                                                   SetApplicationState
           ENTRY                   ADDRESS         REF BY
           =====                   =======         ======
           ApplicationState        0248            CmdIF_DataDefinitions (CommandInterface)
                                                   CmdIF_GetAppStates (CommandInterface)
                                                   CmdIF_SetDataValue (CommandInterface)
                                                   MapControlsToHW (CommandInterface)
                                                   MapSensorsFromHW (CommandInterface)
                                                   ReportData (CommandInterface)
                                                   main (main)
    -------------------------------------------------------------------------
DATA16_Z
  Relative segment, address: 024A - 024D (0x4 bytes), align: 1
  Segment part 12.            Intra module refs:   AddNodeToNetwork
                                                   GetPairingMask
                                                   SetPairingMask
           ENTRY                   ADDRESS         REF BY
           =====                   =======         ======
           pairingMask             024A 
    -------------------------------------------------------------------------
DATA16_Z
  Relative segment, address: 024E - 02A7 (0x5a bytes), align: 1
  Segment part 13.            Intra module refs:   AddNodeToNetwork
                                                   NetworkValidation
                                                   NodeAckPayload
                                                   NodeIsInMyNet
                                                   RemoveNodeFromNetwork
                                                   SensorPayload
                                                   SensorWirelessOperation
                                                   SetMyNodeID
           ENTRY                   ADDRESS         REF BY
           =====                   =======         ======
           Nodes                   024E            CmdIF_GetNodeIDs (CommandInterface)
                                                   CmdIF_SetCycleUpdateRate (CommandInterface)
                                                   CmdIF_SetDataValue (CommandInterface)
                                                   MapControlsToHW (CommandInterface)
                                                   MapSensorsFromHW (CommandInterface)
                                                   Query_Current_Status (Protocol)
                                                   RXTXCycle (Protocol)
                                                   ReportData (CommandInterface)
                                                   ReportStatus (CommandInterface)
                                                   SetCycleTime (Protocol)
                                                   main (main)
    -------------------------------------------------------------------------
DATA16_Z
  Relative segment, address: 02A8 - 02BF (0x18 bytes), align: 1
  Segment part 14.            Intra module refs:   HubWirelessOperation
                                                   NodeAckPayload
                                                   SensorPayload
                                                   SensorWirelessOperation
           ENTRY                   ADDRESS         REF BY
           =====                   =======         ======
           Payloads                02A8 
    -------------------------------------------------------------------------
<CODE> 1 (was CODE)
  Relative segment, address: FA3C - FA5D (0x22 bytes), align: 1
  Segment part 33.
           ENTRY                   ADDRESS         REF BY
           =====                   =======         ======
           HubWirelessOperation    FA3C            main (main)
               calls direct
               CSTACK = 00000000 ( 00000004 )
    -------------------------------------------------------------------------
<CODE> 1 (was CODE)
  Relative segment, address: EE80 - EED1 (0x52 bytes), align: 1
  Segment part 32.
           ENTRY                   ADDRESS         REF BY
           =====                   =======         ======
           SensorWirelessOperation
                                   EE80            main (main)
               calls direct
               CSTACK = 00000000 ( 00000006 )
    -------------------------------------------------------------------------
<CODE> 1 (was CODE)
  Relative segment, address: FB38 - FB53 (0x1c bytes), align: 1
  Segment part 16.            Intra module refs:   AddNodeToNetwork
                                                   InitApplication
           ENTRY                   ADDRESS         REF BY
           =====                   =======         ======
           SetApplicationState     FB38            CmdIF_SetAppState (CommandInterface)
                                                   main (main)
               calls direct
               CSTACK = 00000000 ( 00000004 )
    -------------------------------------------------------------------------
<CODE> 1 (was CODE)
  Relative segment, address: EB68 - EBC7 (0x60 bytes), align: 1
  Segment part 31.
           ENTRY                   ADDRESS         REF BY
           =====                   =======         ======
           SetMyNodeID             EB68            CmdIF_SetThisNodeID (CommandInterface)
                                                   main (main)
               calls direct
               CSTACK = 00000000 ( 00000006 )
    -------------------------------------------------------------------------
<CODE> 1 (was CODE)
  Relative segment, address: FEB2 - FEBD (0xc bytes), align: 1
  Segment part 15.            Intra module refs:   AddNodeToNetwork
                                                   InitApplication
           ENTRY                   ADDRESS         REF BY
           =====                   =======         ======
           SetPairingMask          FEB2            CmdIF_SetPairingMask (CommandInterface)
                                                   main (main)
               calls direct
               CSTACK = 00000000 ( 00000002 )
    -------------------------------------------------------------------------
<CODE> 1 (was CODE)
  Relative segment, address: FEC8 - FED1 (0xa bytes), align: 1
  Segment part 24.            Intra module refs:   SensorPayload
           ENTRY                   ADDRESS         REF BY
           =====                   =======         ======
           GetPairingMask          FEC8            CmdIF_GetNodeIDs (CommandInterface)
                                                   main (main)
               CSTACK = 00000000 ( 00000002 )
    -------------------------------------------------------------------------
<CODE> 1 (was CODE)
  Relative segment, address: F394 - F3CD (0x3a bytes), align: 1
  Segment part 26.            Intra module refs:   AddNodeToNetwork
                                                   NetworkValidation
                                                   NodeAckPayload
           ENTRY                   ADDRESS         REF BY
           =====                   =======         ======
           NodeIsInMyNet           F394            CmdIF_SetCycleUpdateRate (CommandInterface)
                                                   CmdIF_SetDataValue (CommandInterface)
                                                   GetFrame (RadioOperation)
                                                   Query_Current_Status (Protocol)
               CSTACK = 00000000 ( 00000004 )
    -------------------------------------------------------------------------
<CODE> 1 (was CODE)
  Relative segment, address: DFF0 - E083 (0x94 bytes), align: 1
  Segment part 28.            Intra module refs:   NetworkValidation
           ENTRY                   ADDRESS         REF BY
           =====                   =======         ======
           AddNodeToNetwork        DFF0 
               calls direct
               CSTACK = 00000000 ( 00000008 )
    -------------------------------------------------------------------------
<CODE> 1 (was CODE)
  Relative segment, address: F04C - F093 (0x48 bytes), align: 1
  Segment part 30.
           ENTRY                   ADDRESS         REF BY
           =====                   =======         ======
           RemoveNodeFromNetwork   F04C            CmdIF_RemoveNode (CommandInterface)
                                                   CmdIF_SetAppState (CommandInterface)
                                                   main (main)
               calls direct
               CSTACK = 00000000 ( 00000002 )
    -------------------------------------------------------------------------
<CODE> 1 (was CODE)
  Relative segment, address: E91E - E981 (0x64 bytes), align: 1
  Segment part 29.            Intra module refs:   HubWirelessOperation
                                                   SensorWirelessOperation
           ENTRY                   ADDRESS         REF BY
           =====                   =======         ======
           NetworkValidation       E91E 
               calls direct
               CSTACK = 00000000 ( 00000008 )
    -------------------------------------------------------------------------
<CODE> 1 (was CODE)
  Relative segment, address: EB08 - EB67 (0x60 bytes), align: 1
  Segment part 27.
           ENTRY                   ADDRESS         REF BY
           =====                   =======         ======
           NodeAckPayload          EB08            Listen (Protocol)
               calls direct
               CSTACK = 00000000 ( 00000004 )
    -------------------------------------------------------------------------
<CODE> 1 (was CODE)
  Relative segment, address: F1A4 - F1E5 (0x42 bytes), align: 1
  Segment part 25.            Intra module refs:   SensorWirelessOperation
           ENTRY                   ADDRESS         REF BY
           =====                   =======         ======
           SensorPayload           F1A4 
               calls direct
               CSTACK = 00000000 ( 00000002 )
    -------------------------------------------------------------------------
<CODE> 1 (was CODE)
  Relative segment, address: F440 - F477 (0x38 bytes), align: 1
  Segment part 23.            Intra module refs:   SetMyNodeID
           ENTRY                   ADDRESS         REF BY
           =====                   =======         ======
           WriteMyFlashedID        F440 
               calls direct
               CSTACK = 00000000 ( 00000008 )
    -------------------------------------------------------------------------
<CODE> 1 (was CODE)
  Relative segment, address: F4B0 - F4E5 (0x36 bytes), align: 1
  Segment part 21.
           ENTRY                   ADDRESS         REF BY
           =====                   =======         ======
           WriteMyFlashedRSCP      F4B0            ChangeConfiguration (RadioOperation)
               calls direct
               CSTACK = 00000000 ( 0000000A )
    -------------------------------------------------------------------------
<CODE> 1 (was CODE)
  Relative segment, address: F54E - F57F (0x32 bytes), align: 1
  Segment part 20.            Intra module refs:   SetMyNodeID
           ENTRY                   ADDRESS         REF BY
           =====                   =======         ======
           ReadMyFlashedID         F54E 
               CSTACK = 00000000 ( 00000006 )
    -------------------------------------------------------------------------
<CODE> 1 (was CODE)
  Relative segment, address: DD72 - DE19 (0xa8 bytes), align: 1
  Segment part 18.            Intra module refs:   SetMyNodeID
           ENTRY                   ADDRESS         REF BY
           =====                   =======         ======
           CreateRandomAddress     DD72 
               CSTACK = 00000000 ( 0000000C )
    -------------------------------------------------------------------------
<CODE> 1 (was CODE)
  Relative segment, address: FABE - FADD (0x20 bytes), align: 1
  Segment part 17.
           ENTRY                   ADDRESS         REF BY
           =====                   =======         ======
           InitApplication         FABE            main (main)
               calls direct
               CSTACK = 00000000 ( 00000002 )
    -------------------------------------------------------------------------
DATA16_ID
  Relative segment, address: C96C - C96C (0x1 bytes), align: 0
  Segment part 11.            Intra module refs:   ApplicationState
    -------------------------------------------------------------------------
DATA16_C
  Relative segment, address: C388 - C3A8 (0x21 bytes), align: 0
  Segment part 9.             Intra module refs:   SensorWirelessOperation

    *************************************************************************

  FILE NAME : C:\Wireless\AIR_Stacks\AIRBoosterStack\Version 1.0.3\LaunchPad_CC110L_Release\Obj\Architecture.r43
  PROGRAM MODULE, NAME : Architecture

  SEGMENTS IN THE MODULE
  ======================
DATA16_AN
  Relative segment, address: 0056 - 0056 (0x1 bytes), align: 0
  Segment part 1. ROOT.       Intra module refs:   InitBasicClockSystemPlus (BasicClockSystemPlus)
           ENTRY                   ADDRESS         REF BY
           =====                   =======         ======
           _A_DCOCTL               0056 
    -------------------------------------------------------------------------
DATA16_AN
  Relative segment, address: 0057 - 0057 (0x1 bytes), align: 0
  Segment part 2. ROOT.       Intra module refs:   InitBasicClockSystemPlus (BasicClockSystemPlus)
           ENTRY                   ADDRESS         REF BY
           =====                   =======         ======
           _A_BCSCTL1              0057 
    -------------------------------------------------------------------------
DATA16_AN
  Relative segment, address: 0058 - 0058 (0x1 bytes), align: 0
  Segment part 3. ROOT.       Intra module refs:   InitBasicClockSystemPlus (BasicClockSystemPlus)
           ENTRY                   ADDRESS         REF BY
           =====                   =======         ======
           _A_BCSCTL2              0058 
    -------------------------------------------------------------------------
DATA16_AN
  Relative segment, address: 0053 - 0053 (0x1 bytes), align: 0
  Segment part 4. ROOT.       Intra module refs:   InitBasicClockSystemPlus (BasicClockSystemPlus)
           ENTRY                   ADDRESS         REF BY
           =====                   =======         ======
           _A_BCSCTL3              0053 
    -------------------------------------------------------------------------
DATA16_AN
  Relative segment, address: 0128 - 0129 (0x2 bytes), align: 0
  Segment part 5. ROOT.       Intra module refs:   FlashWriteChar
           ENTRY                   ADDRESS         REF BY
           =====                   =======         ======
           _A_FCTL1                0128 
    -------------------------------------------------------------------------
DATA16_AN
  Relative segment, address: 012C - 012D (0x2 bytes), align: 0
  Segment part 6. ROOT.       Intra module refs:   FlashWriteChar
           ENTRY                   ADDRESS         REF BY
           =====                   =======         ======
           _A_FCTL3                012C 
    -------------------------------------------------------------------------
<CODE> 1 (was CODE)
  Relative segment, address: FF08 - FF0F (0x8 bytes), align: 1
  Segment part 14.
           ENTRY                   ADDRESS         REF BY
           =====                   =======         ======
           InitArchitecture        FF08            main (main)
               calls direct
               CSTACK = 00000000 ( 00000002 )
    -------------------------------------------------------------------------
<CODE> 1 (was CODE)
  Relative segment, address: FF60 - FF63 (0x4 bytes), align: 1
  Segment part 13.            Intra module refs:   InitArchitecture
           ENTRY                   ADDRESS         REF BY
           =====                   =======         ======
           InitClockSystem         FF60 
               calls direct
               CSTACK = 00000000 ( 00000002 )
    -------------------------------------------------------------------------
<CODE> 1 (was CODE)
  Relative segment, address: FF80 - FF81 (0x2 bytes), align: 1
  Segment part 9.             Intra module refs:   InitArchitecture
           ENTRY                   ADDRESS         REF BY
           =====                   =======         ======
           InitFlash               FF80 
               CSTACK = 00000000 ( 00000002 )
    -------------------------------------------------------------------------
<CODE> 1 (was CODE)
  Relative segment, address: E118 - E1A9 (0x92 bytes), align: 1
  Segment part 8.
           ENTRY                   ADDRESS         REF BY
           =====                   =======         ======
           FlashWriteChar          E118            SetApplicationState (Application)
                                                   WriteMyFlashedID (Application)
                                                   WriteMyFlashedRSCP (Application)
               CSTACK = 00000000 ( 00000048 )

    *************************************************************************

  FILE NAME : C:\Wireless\AIR_Stacks\AIRBoosterStack\Version 1.0.3\LaunchPad_CC110L_Release\Obj\BasicClockSystemPlus.r43
  PROGRAM MODULE, NAME : BasicClockSystemPlus

  SEGMENTS IN THE MODULE
  ======================
DATA16_AN
  Relative segment, address: 0000 - 0000 (0x1 bytes), align: 0
  Segment part 1. ROOT.       Intra module refs:   InitBasicClockSystemPlus
           ENTRY                   ADDRESS         REF BY
           =====                   =======         ======
           _A_IE1                  0000 
    -------------------------------------------------------------------------
DATA16_AN
  Relative segment, address: 0002 - 0002 (0x1 bytes), align: 0
  Segment part 2. ROOT.       Intra module refs:   InitBasicClockSystemPlus
           ENTRY                   ADDRESS         REF BY
           =====                   =======         ======
           _A_IFG1                 0002 
    -------------------------------------------------------------------------
DATA16_AN
  Relative segment, address: 10FC - 10FC (0x1 bytes), align: 0
  Segment part 7. ROOT.       Intra module refs:   InitBasicClockSystemPlus
           ENTRY                   ADDRESS         REF BY
           =====                   =======         ======
           CALDCO_8MHZ             10FC 
    -------------------------------------------------------------------------
DATA16_AN
  Relative segment, address: 10FD - 10FD (0x1 bytes), align: 0
  Segment part 8. ROOT.       Intra module refs:   InitBasicClockSystemPlus
           ENTRY                   ADDRESS         REF BY
           =====                   =======         ======
           CALBC1_8MHZ             10FD 
    -------------------------------------------------------------------------
<CODE> 1 (was CODE)
  Relative segment, address: FA5E - FA7D (0x20 bytes), align: 1
  Segment part 17.
           ENTRY                   ADDRESS         REF BY
           =====                   =======         ======
           InitBasicClockSystemPlus
                                   FA5E            InitClockSystem (Architecture)
               CSTACK = 00000000 ( 00000002 )

    *************************************************************************

  FILE NAME : C:\Wireless\AIR_Stacks\AIRBoosterStack\Version 1.0.3\LaunchPad_CC110L_Release\Obj\CC1101Interface.r43
  PROGRAM MODULE, NAME : CC1101Interface

  SEGMENTS IN THE MODULE
  ======================
DATA16_AN
  Relative segment, address: 0022 - 0022 (0x1 bytes), align: 0
  Segment part 1. ROOT.       Intra module refs:   CC1101SPIExternalReadWrite
                                                   InitDigitalIO (DigitalIO)
                                                   main (main)
           ENTRY                   ADDRESS         REF BY
           =====                   =======         ======
           _A_P1DIR                0022 
    -------------------------------------------------------------------------
DATA16_AN
  Relative segment, address: 0026 - 0026 (0x1 bytes), align: 0
  Segment part 2. ROOT.       Intra module refs:   CC1101SPIExternalReadWrite
                                                   InitDigitalIO (DigitalIO)
           ENTRY                   ADDRESS         REF BY
           =====                   =======         ======
           _A_P1SEL                0026 
    -------------------------------------------------------------------------
DATA16_AN
  Relative segment, address: 0041 - 0041 (0x1 bytes), align: 0
  Segment part 3. ROOT.       Intra module refs:   CC1101SPIExternalReadWrite
                                                   InitDigitalIO (DigitalIO)
           ENTRY                   ADDRESS         REF BY
           =====                   =======         ======
           _A_P1SEL2               0041 
    -------------------------------------------------------------------------
<CODE> 1 (was CODE)
  Relative segment, address: F0DA - F11D (0x44 bytes), align: 1
  Segment part 12.
           ENTRY                   ADDRESS         REF BY
           =====                   =======         ======
           ConfigureCC1101         F0DA            RFConfigureSettings (CCXXXInterface)
               calls direct
               CSTACK = 00000000 ( 00000004 )
    -------------------------------------------------------------------------
<CODE> 1 (was CODE)
  Relative segment, address: FA1A - FA3B (0x22 bytes), align: 1
  Segment part 10.
           ENTRY                   ADDRESS         REF BY
           =====                   =======         ======
           CC1101Sleep             FA1A            RFSleep (CCXXXInterface)
               calls direct
               CSTACK = 00000000 ( 00000004 )
    -------------------------------------------------------------------------
<CODE> 1 (was CODE)
  Relative segment, address: E1AA - E237 (0x8e bytes), align: 1
  Segment part 9.
           ENTRY                   ADDRESS         REF BY
           =====                   =======         ======
           CC1101WakeUp            E1AA            RFWakeUp (CCXXXInterface)
               calls direct
               CSTACK = 00000000 ( 00000008 )
    -------------------------------------------------------------------------
<CODE> 1 (was CODE)
  Relative segment, address: F8F6 - F91D (0x28 bytes), align: 1
  Segment part 8.             Intra module refs:   CC1101Sleep
                                                   CC1101WakeUp
                                                   ConfigureCC1101
           ENTRY                   ADDRESS         REF BY
           =====                   =======         ======
           CC1101Write             F8F6            RFChangeChannel (CCXXXInterface)
                                                   RFChangePowerLevel (CCXXXInterface)
                                                   RFWriteRegister (CCXXXInterface)
               calls direct
               CSTACK = 00000000 ( 00000006 )
    -------------------------------------------------------------------------
<CODE> 1 (was CODE)
  Relative segment, address: F75E - F789 (0x2c bytes), align: 1
  Segment part 7.
           ENTRY                   ADDRESS         REF BY
           =====                   =======         ======
           CC1101Read              F75E            RFReadRegister (CCXXXInterface)
               calls direct
               CSTACK = 00000000 ( 00000006 )
    -------------------------------------------------------------------------
<CODE> 1 (was CODE)
  Relative segment, address: E238 - E2C1 (0x8a bytes), align: 1
  Segment part 6.             Intra module refs:   CC1101Read
                                                   CC1101Write
           ENTRY                   ADDRESS         REF BY
           =====                   =======         ======
           CC1101SPIExternalReadWrite
                                   E238 
               calls direct
               CSTACK = 00000000 ( 0000000C )

    *************************************************************************

  FILE NAME : C:\Wireless\AIR_Stacks\AIRBoosterStack\Version 1.0.3\LaunchPad_CC110L_Release\Obj\CCXXXInterface.r43
  PROGRAM MODULE, NAME : CCXXXInterface

  SEGMENTS IN THE MODULE
  ======================
<CODE> 1 (was CODE)
  Relative segment, address: FC38 - FC4F (0x18 bytes), align: 1
  Segment part 10.
           ENTRY                   ADDRESS         REF BY
           =====                   =======         ======
           RFConfigureSettings     FC38            RadioConfigure (RadioInterface)
               calls direct
               CSTACK = 00000000 ( 00000002 )
    -------------------------------------------------------------------------
<CODE> 1 (was CODE)
  Relative segment, address: EA48 - EAA7 (0x60 bytes), align: 1
  Segment part 9.
           ENTRY                   ADDRESS         REF BY
           =====                   =======         ======
           RFChangeChannel         EA48            RadioChangeChannel (RadioInterface)
               calls direct
               CSTACK = 00000000 ( 0000000A )
    -------------------------------------------------------------------------
<CODE> 1 (was CODE)
  Relative segment, address: F676 - F6A5 (0x30 bytes), align: 1
  Segment part 8.
           ENTRY                   ADDRESS         REF BY
           =====                   =======         ======
           RFChangePowerLevel      F676            RadioChangePowerLevel (RadioInterface)
               calls direct
               CSTACK = 00000000 ( 00000004 )
    -------------------------------------------------------------------------
<CODE> 1 (was CODE)
  Relative segment, address: FBD8 - FBEF (0x18 bytes), align: 1
  Segment part 7.
           ENTRY                   ADDRESS         REF BY
           =====                   =======         ======
           RFSleep                 FBD8            RadioSleep (RadioInterface)
               calls direct
               CSTACK = 00000000 ( 00000002 )
    -------------------------------------------------------------------------
<CODE> 1 (was CODE)
  Relative segment, address: FBC0 - FBD7 (0x18 bytes), align: 1
  Segment part 6.
           ENTRY                   ADDRESS         REF BY
           =====                   =======         ======
           RFWakeUp                FBC0            RadioWakeup (RadioInterface)
               calls direct
               CSTACK = 00000000 ( 00000002 )
    -------------------------------------------------------------------------
<CODE> 1 (was CODE)
  Relative segment, address: FCB0 - FCC7 (0x18 bytes), align: 1
  Segment part 5.
           ENTRY                   ADDRESS         REF BY
           =====                   =======         ======
           RFWriteRegister         FCB0            RadioSetRegister (RadioInterface)
                                                   RadioWrite (RadioInterface)
               calls direct
               CSTACK = 00000000 ( 00000002 )
    -------------------------------------------------------------------------
<CODE> 1 (was CODE)
  Relative segment, address: FC08 - FC1F (0x18 bytes), align: 1
  Segment part 3.
           ENTRY                   ADDRESS         REF BY
           =====                   =======         ======
           RFReadRegister          FC08            RadioGetRegister (RadioInterface)
                                                   RadioReceive (RadioInterface)
               calls direct
               CSTACK = 00000000 ( 00000002 )

    *************************************************************************

  FILE NAME : C:\Wireless\AIR_Stacks\AIRBoosterStack\Version 1.0.3\LaunchPad_CC110L_Release\Obj\COMPortInterface.r43
  PROGRAM MODULE, NAME : COMPortInterface

  SEGMENTS IN THE MODULE
  ======================
<CODE> 1 (was CODE)
  Relative segment, address: F3CE - F407 (0x3a bytes), align: 1
  Segment part 2.
           ENTRY                   ADDRESS         REF BY
           =====                   =======         ======
           COMPortWrite            F3CE            CmdIFResponse (CommandInterface)
               calls direct
               CSTACK = 00000000 ( 00000008 )

    *************************************************************************

  FILE NAME : C:\Wireless\AIR_Stacks\AIRBoosterStack\Version 1.0.3\LaunchPad_CC110L_Release\Obj\Callback.r43
  PROGRAM MODULE, NAME : Callback

  SEGMENTS IN THE MODULE
  ======================
DATA16_AN
  Relative segment, address: 002B - 002B (0x1 bytes), align: 0
  Segment part 1. ROOT.       Intra module refs:   AppGPIOPort2
                                                   FrameSend (RadioOperation)
                                                   InitDigitalIO (DigitalIO)
                                                   PORT2ISR (DigitalIO)
                                                   ReceiveOn (RadioOperation)
           ENTRY                   ADDRESS         REF BY
           =====                   =======         ======
           _A_P2IFG                002B 
    -------------------------------------------------------------------------
DATA16_AN
  Relative segment, address: 002C - 002C (0x1 bytes), align: 0
  Segment part 2. ROOT.       Intra module refs:   AppGPIOPort2
                                                   FrameSend (RadioOperation)
                                                   InitDigitalIO (DigitalIO)
                                                   PORT2ISR (DigitalIO)
                                                   ReceiveOn (RadioOperation)
           ENTRY                   ADDRESS         REF BY
           =====                   =======         ======
           _A_P2IES                002C 
    -------------------------------------------------------------------------
DATA16_AN
  Relative segment, address: 0164 - 0165 (0x2 bytes), align: 0
  Segment part 3. ROOT.       Intra module refs:   AppGPIOPort2
                                                   AppTimerModule1
                                                   FrameListen (RadioOperation)
                                                   FrameSend (RadioOperation)
                                                   InitTimer0A3 (TimerA)
                                                   TimerA1ISR (TimerA)
           ENTRY                   ADDRESS         REF BY
           =====                   =======         ======
           _A_TA0CCTL1             0164 
    -------------------------------------------------------------------------
DATA16_AN
  Relative segment, address: 0170 - 0171 (0x2 bytes), align: 0
  Segment part 4. ROOT.       Intra module refs:   AppGPIOPort2
                                                   FrameListen (RadioOperation)
                                                   FrameSend (RadioOperation)
                                                   InitTimer0A3 (TimerA)
                                                   SendConfigPingSequence (Protocol)
                                                   SetCycleTime (Protocol)
           ENTRY                   ADDRESS         REF BY
           =====                   =======         ======
           TA0R                    0170 
    -------------------------------------------------------------------------
DATA16_AN
  Relative segment, address: 0172 - 0173 (0x2 bytes), align: 0
  Segment part 5. ROOT.       Intra module refs:   AppGPIOPort2
                                                   ChangeConfiguration (RadioOperation)
                                                   FrameListen (RadioOperation)
                                                   FrameSend (RadioOperation)
                                                   InitTimer0A3 (TimerA)
                                                   SetCycleTime (Protocol)
           ENTRY                   ADDRESS         REF BY
           =====                   =======         ======
           TA0CCR0                 0172 
    -------------------------------------------------------------------------
DATA16_AN
  Relative segment, address: 0174 - 0175 (0x2 bytes), align: 0
  Segment part 6. ROOT.       Intra module refs:   AppGPIOPort2
                                                   FrameListen (RadioOperation)
                                                   FrameSend (RadioOperation)
                                                   InitTimer0A3 (TimerA)
           ENTRY                   ADDRESS         REF BY
           =====                   =======         ======
           TA0CCR1                 0174 
    -------------------------------------------------------------------------
DATA16_Z
  Relative segment, address: 02D0 - 02D0 (0x1 bytes), align: 0
  Segment part 8.             Intra module refs:   AppTimerModule1
           ENTRY                   ADDRESS         REF BY
           =====                   =======         ======
           configTimeoutCount      02D0            SendConfigPingSequence (Protocol)
    -------------------------------------------------------------------------
DATA16_Z
  Relative segment, address: 02D1 - 02D1 (0x1 bytes), align: 0
  Segment part 9.             Intra module refs:   AppGPIOPort1
           ENTRY                   ADDRESS         REF BY
           =====                   =======         ======
           PushButton              02D1            HWMap_RedLEDandButton (CommandInterface)
    -------------------------------------------------------------------------
DATA16_Z
  Relative segment, address: 02D2 - 02D2 (0x1 bytes), align: 0
  Segment part 10.            Intra module refs:   AppDataConverterISRExtension1
           ENTRY                   ADDRESS         REF BY
           =====                   =======         ======
           ADCConversionDone       02D2            main (main)
    -------------------------------------------------------------------------
<CODE> 1 (was CODE)
  Relative segment, address: F806 - F82D (0x28 bytes), align: 1
  Segment part 17.
           ENTRY                   ADDRESS         REF BY
           =====                   =======         ======
           AppCommunicationModule0
                                   F806            CommunicationCallbackModule0 (FPI)
               calls direct
               CSTACK = 00000000 ( 00000002 )
    -------------------------------------------------------------------------
<CODE> 1 (was CODE)
  Relative segment, address: FF30 - FF33 (0x4 bytes), align: 1
  Segment part 16.
           ENTRY                   ADDRESS         REF BY
           =====                   =======         ======
           AppCommunicationModule1
                                   FF30            CommunicationCallbackModule1 (FPI)
               calls direct
               CSTACK = 00000000 ( 00000002 )
    -------------------------------------------------------------------------
<CODE> 1 (was CODE)
  Relative segment, address: FF1E - FF23 (0x6 bytes), align: 1
  Segment part 15.
           ENTRY                   ADDRESS         REF BY
           =====                   =======         ======
           AppDataConverterISRExtension1
                                   FF1E            DataConverterISRExtension1 (FPI)
               CSTACK = 00000000 ( 00000002 )
    -------------------------------------------------------------------------
<CODE> 1 (was CODE)
  Relative segment, address: FE3A - FE4B (0x12 bytes), align: 1
  Segment part 14.
           ENTRY                   ADDRESS         REF BY
           =====                   =======         ======
           AppGPIOPort1            FE3A            GPIOCallbackPort1 (FPI)
               CSTACK = 00000000 ( 00000002 )
    -------------------------------------------------------------------------
<CODE> 1 (was CODE)
  Relative segment, address: DC06 - DCBF (0xba bytes), align: 1
  Segment part 13.
           ENTRY                   ADDRESS         REF BY
           =====                   =======         ======
           AppGPIOPort2            DC06            GPIOCallbackPort2 (FPI)
               calls direct
               CSTACK = 00000000 ( 00000008 )
    -------------------------------------------------------------------------
<CODE> 1 (was CODE)
  Relative segment, address: F856 - F87D (0x28 bytes), align: 1
  Segment part 12.
           ENTRY                   ADDRESS         REF BY
           =====                   =======         ======
           AppTimerModule1         F856            TimerCallbackModule1 (FPI)
               CSTACK = 00000000 ( 00000002 )

    *************************************************************************

  FILE NAME : C:\Wireless\AIR_Stacks\AIRBoosterStack\Version 1.0.3\LaunchPad_CC110L_Release\Obj\CommandInterface.r43
  PROGRAM MODULE, NAME : CommandInterface

  SEGMENTS IN THE MODULE
  ======================
DATA16_AN
  Relative segment, address: 0020 - 0020 (0x1 bytes), align: 0
  Segment part 2. ROOT.       Intra module refs:   HWMap_GreenLED
                                                   HWMap_RedLEDandButton
                                                   PowerUpResetCCxxxx (RadioOperation)
                                                   main (main)
           ENTRY                   ADDRESS         REF BY
           =====                   =======         ======
           _A_P1IN                 0020 
    -------------------------------------------------------------------------
DATA16_AN
  Relative segment, address: 0021 - 0021 (0x1 bytes), align: 0
  Segment part 3. ROOT.       Intra module refs:   ClearGPIOOutputPort (GPIO)
                                                   HWMap_GreenLED
                                                   HWMap_RedLEDandButton
                                                   InitDigitalIO (DigitalIO)
                                                   SetGPIOOutputPort (GPIO)
           ENTRY                   ADDRESS         REF BY
           =====                   =======         ======
           _A_P1OUT                0021 
    -------------------------------------------------------------------------
DATA16_Z
  Relative segment, address: 02C0 - 02C1 (0x2 bytes), align: 1
  Segment part 138.           Intra module refs:   CmdIFProcess
                                                   GetParmValue
           ENTRY                   ADDRESS         REF BY
           =====                   =======         ======
           CmdIFCommandString      02C0 
    -------------------------------------------------------------------------
DATA16_Z
  Relative segment, address: 02D3 - 02D3 (0x1 bytes), align: 0
  Segment part 139.           Intra module refs:   CmdIFCollect
                                                   CmdIFProcess
           ENTRY                   ADDRESS         REF BY
           =====                   =======         ======
           InCmdSeq                02D3 
    -------------------------------------------------------------------------
DATA16_Z
  Relative segment, address: 02D4 - 02E3 (0x10 bytes), align: 0
  Segment part 140.           Intra module refs:   CmdIFCollect
                                                   CmdIFProcess
           ENTRY                   ADDRESS         REF BY
           =====                   =======         ======
           RawCommand              02D4 
    -------------------------------------------------------------------------
DATA16_Z
  Relative segment, address: 02C2 - 02C3 (0x2 bytes), align: 1
  Segment part 141.           Intra module refs:   CmdIFCollect
                                                   CmdIFProcess
                                                   CmdIFResponse
                                                   ResponseCtrl
                                                   ResponseParameter
           ENTRY                   ADDRESS         REF BY
           =====                   =======         ======
           cFlags                  02C2 
    -------------------------------------------------------------------------
DATA16_Z
  Relative segment, address: 02E4 - 02E4 (0x1 bytes), align: 0
  Segment part 142.           Intra module refs:   ApplicationChanged
                                                   Bracket
                                                   CmdIFProcess
                                                   DebugNote
                                                   ElemAttrUniv
                                                   NetworkChanged
                                                   PhysicalChanged
                                                   ReportData
                                                   ReportStatus
                                                   ResponseCtrl
                                                   ResponseNumber
                                                   ResponseResult
                                                   TagBegin
                                                   TagEnd
           ENTRY                   ADDRESS         REF BY
           =====                   =======         ======
           rFlags                  02E4 
    -------------------------------------------------------------------------
DATA16_Z
  Relative segment, address: 02E5 - 02E6 (0x2 bytes), align: 0
  Segment part 143.           Intra module refs:   ApplicationChanged
                                                   AttributeEnd
                                                   CmdIFProcess
                                                   ElemAttrUniv
                                                   NetworkChanged
                                                   PhysicalChanged
                                                   ReportData
                                                   TagBegin
                                                   TagEnd
           ENTRY                   ADDRESS         REF BY
           =====                   =======         ======
           tFlags                  02E5 
    -------------------------------------------------------------------------
DATA16_Z
  Relative segment, address: 02E7 - 02E7 (0x1 bytes), align: 0
  Segment part 144.           Intra module refs:   CmdIFProcess
                                                   ProvideDelayedResult
           ENTRY                   ADDRESS         REF BY
           =====                   =======         ======
           DelayedResult           02E7 
    -------------------------------------------------------------------------
DATA16_C
  Relative segment, address: C3A9 - C3AD (0x5 bytes), align: 0
  Segment part 5.             Intra module refs:   AppInformation
                                                   Segment part 145
    -------------------------------------------------------------------------
DATA16_C
  Relative segment, address: C3AE - C3B2 (0x5 bytes), align: 0
  Segment part 6.             Intra module refs:   Segment part 145
    -------------------------------------------------------------------------
DATA16_C
  Relative segment, address: C3B3 - C3B7 (0x5 bytes), align: 0
  Segment part 7.             Intra module refs:   Segment part 145
    -------------------------------------------------------------------------
DATA16_C
  Relative segment, address: C3B8 - C3BC (0x5 bytes), align: 0
  Segment part 8.             Intra module refs:   Segment part 145
    -------------------------------------------------------------------------
DATA16_C
  Relative segment, address: C3BD - C3C1 (0x5 bytes), align: 0
  Segment part 9.             Intra module refs:   Segment part 145
    -------------------------------------------------------------------------
DATA16_C
  Relative segment, address: C3C2 - C3C6 (0x5 bytes), align: 0
  Segment part 10.            Intra module refs:   Segment part 145
    -------------------------------------------------------------------------
DATA16_C
  Relative segment, address: C3C7 - C3CB (0x5 bytes), align: 0
  Segment part 11.            Intra module refs:   Segment part 145
    -------------------------------------------------------------------------
DATA16_C
  Relative segment, address: C3CC - C3D0 (0x5 bytes), align: 0
  Segment part 12.            Intra module refs:   Segment part 145
    -------------------------------------------------------------------------
DATA16_C
  Relative segment, address: C3D1 - C3D5 (0x5 bytes), align: 0
  Segment part 13.            Intra module refs:   Segment part 145
    -------------------------------------------------------------------------
DATA16_C
  Relative segment, address: C3D6 - C3D8 (0x3 bytes), align: 0
  Segment part 14.            Intra module refs:   Segment part 145
    -------------------------------------------------------------------------
DATA16_C
  Relative segment, address: C3D9 - C3DB (0x3 bytes), align: 0
  Segment part 15.            Intra module refs:   Segment part 145
    -------------------------------------------------------------------------
DATA16_C
  Relative segment, address: C3DC - C3DE (0x3 bytes), align: 0
  Segment part 16.            Intra module refs:   Segment part 145
    -------------------------------------------------------------------------
DATA16_C
  Relative segment, address: C3DF - C3E1 (0x3 bytes), align: 0
  Segment part 17.            Intra module refs:   Segment part 145
    -------------------------------------------------------------------------
DATA16_C
  Relative segment, address: C3E2 - C3E4 (0x3 bytes), align: 0
  Segment part 18.            Intra module refs:   Segment part 145
    -------------------------------------------------------------------------
DATA16_C
  Relative segment, address: C3E5 - C3EB (0x7 bytes), align: 0
  Segment part 19.            Intra module refs:   Segment part 145
    -------------------------------------------------------------------------
DATA16_C
  Relative segment, address: C3EC - C3F1 (0x6 bytes), align: 0
  Segment part 20.            Intra module refs:   CmdIF_GetAppStates
                                                   CmdIF_SetAppState
                                                   Segment part 145
    -------------------------------------------------------------------------
DATA16_C
  Relative segment, address: C3F2 - C3F7 (0x6 bytes), align: 0
  Segment part 21.            Intra module refs:   Segment part 145
    -------------------------------------------------------------------------
DATA16_C
  Relative segment, address: C3F8 - C3FD (0x6 bytes), align: 0
  Segment part 22.            Intra module refs:   Segment part 145
    -------------------------------------------------------------------------
DATA16_C
  Relative segment, address: C3FE - C403 (0x6 bytes), align: 0
  Segment part 23.            Intra module refs:   Segment part 145
    -------------------------------------------------------------------------
DATA16_C
  Relative segment, address: C404 - C408 (0x5 bytes), align: 0
  Segment part 24.            Intra module refs:   Segment part 145
    -------------------------------------------------------------------------
DATA16_C
  Relative segment, address: C409 - C40D (0x5 bytes), align: 0
  Segment part 25.            Intra module refs:   Segment part 145
    -------------------------------------------------------------------------
DATA16_C
  Relative segment, address: C40E - C412 (0x5 bytes), align: 0
  Segment part 26.            Intra module refs:   Segment part 145
    -------------------------------------------------------------------------
DATA16_C
  Relative segment, address: C413 - C417 (0x5 bytes), align: 0
  Segment part 27.            Intra module refs:   Segment part 145
    -------------------------------------------------------------------------
DATA16_C
  Relative segment, address: C418 - C418 (0x1 bytes), align: 0
  Segment part 28.            Intra module refs:   Brackets
                                                   Segment part 145
    -------------------------------------------------------------------------
DATA16_C
  Relative segment, address: C419 - C422 (0xa bytes), align: 0
  Segment part 29.            Intra module refs:   HubDataDefinitions
                                                   SensorDataDefinitions
    -------------------------------------------------------------------------
DATA16_C
  Relative segment, address: C423 - C426 (0x4 bytes), align: 0
  Segment part 30.            Intra module refs:   HubDataDefinitions
                                                   SensorDataDefinitions
    -------------------------------------------------------------------------
DATA16_C
  Relative segment, address: C427 - C42A (0x4 bytes), align: 0
  Segment part 31.            Intra module refs:   HubDataDefinitions
                                                   SensorDataDefinitions
    -------------------------------------------------------------------------
DATA16_C
  Relative segment, address: C42B - C430 (0x6 bytes), align: 0
  Segment part 32.            Intra module refs:   HubDataDefinitions
                                                   SensorDataDefinitions
    -------------------------------------------------------------------------
DATA16_C
  Relative segment, address: C431 - C439 (0x9 bytes), align: 0
  Segment part 33.            Intra module refs:   HubDataDefinitions
                                                   SensorDataDefinitions
    -------------------------------------------------------------------------
DATA16_C
  Relative segment, address: C43A - C43B (0x2 bytes), align: 0
  Segment part 34.            Intra module refs:   HubDataDefinitions
                                                   SensorDataDefinitions
    -------------------------------------------------------------------------
DATA16_C
  Relative segment, address: C43C - C43D (0x2 bytes), align: 0
  Segment part 35.            Intra module refs:   HubDataDefinitions
                                                   SensorDataDefinitions
    -------------------------------------------------------------------------
DATA16_C
  Relative segment, address: C43E - C441 (0x4 bytes), align: 0
  Segment part 36.            Intra module refs:   HubDataDefinitions
                                                   SensorDataDefinitions
    -------------------------------------------------------------------------
DATA16_C
  Relative segment, address: C442 - C448 (0x7 bytes), align: 0
  Segment part 37.            Intra module refs:   HubDataDefinitions
                                                   SensorDataDefinitions
    -------------------------------------------------------------------------
DATA16_C
  Relative segment, address: C449 - C44F (0x7 bytes), align: 0
  Segment part 38.            Intra module refs:   HubDataDefinitions
                                                   SensorDataDefinitions
    -------------------------------------------------------------------------
DATA16_C
  Relative segment, address: C450 - C455 (0x6 bytes), align: 0
  Segment part 39.            Intra module refs:   HubDataDefinitions
                                                   SensorDataDefinitions
    -------------------------------------------------------------------------
DATA16_C
  Relative segment, address: C456 - C459 (0x4 bytes), align: 0
  Segment part 40.            Intra module refs:   HubDataDefinitions
                                                   SensorDataDefinitions
    -------------------------------------------------------------------------
DATA16_C
  Relative segment, address: C45A - C45B (0x2 bytes), align: 0
  Segment part 41.            Intra module refs:   Brackets
    -------------------------------------------------------------------------
DATA16_C
  Relative segment, address: C45C - C45D (0x2 bytes), align: 0
  Segment part 42.            Intra module refs:   Brackets
                                                   CmdIFProcess
    -------------------------------------------------------------------------
DATA16_C
  Relative segment, address: C45E - C460 (0x3 bytes), align: 0
  Segment part 43.            Intra module refs:   Brackets
    -------------------------------------------------------------------------
DATA16_C
  Relative segment, address: C461 - C462 (0x2 bytes), align: 0
  Segment part 44.            Intra module refs:   Brackets
                                                   DebugNote
    -------------------------------------------------------------------------
DATA16_C
  Relative segment, address: C463 - C464 (0x2 bytes), align: 0
  Segment part 45.            Intra module refs:   Brackets
    -------------------------------------------------------------------------
DATA16_C
  Relative segment, address: C465 - C466 (0x2 bytes), align: 0
  Segment part 46.            Intra module refs:   Brackets
    -------------------------------------------------------------------------
DATA16_C
  Relative segment, address: C467 - C469 (0x3 bytes), align: 0
  Segment part 47.            Intra module refs:   Brackets
    -------------------------------------------------------------------------
DATA16_C
  Relative segment, address: C46A - C46D (0x4 bytes), align: 0
  Segment part 48.            Intra module refs:   Brackets
    -------------------------------------------------------------------------
DATA16_C
  Relative segment, address: C46E - C472 (0x5 bytes), align: 0
  Segment part 49.            Intra module refs:   Brackets
    -------------------------------------------------------------------------
DATA16_C
  Relative segment, address: C473 - C474 (0x2 bytes), align: 0
  Segment part 50.            Intra module refs:   Brackets
    -------------------------------------------------------------------------
DATA16_C
  Relative segment, address: C475 - C477 (0x3 bytes), align: 0
  Segment part 51.            Intra module refs:   Brackets
    -------------------------------------------------------------------------
DATA16_C
  Relative segment, address: C478 - C479 (0x2 bytes), align: 0
  Segment part 52.            Intra module refs:   Brackets
    -------------------------------------------------------------------------
DATA16_C
  Relative segment, address: C47A - C47D (0x4 bytes), align: 0
  Segment part 53.            Intra module refs:   ModuleInfo
    -------------------------------------------------------------------------
DATA16_C
  Relative segment, address: C47E - C481 (0x4 bytes), align: 0
  Segment part 54.            Intra module refs:   ModuleInfo
    -------------------------------------------------------------------------
DATA16_C
  Relative segment, address: C482 - C486 (0x5 bytes), align: 0
  Segment part 55.            Intra module refs:   ModuleInfo
    -------------------------------------------------------------------------
DATA16_C
  Relative segment, address: C487 - C48C (0x6 bytes), align: 0
  Segment part 56.            Intra module refs:   AppInformation
    -------------------------------------------------------------------------
DATA16_C
  Relative segment, address: C48D - C49E (0x12 bytes), align: 0
  Segment part 57.            Intra module refs:   AppInformation
    -------------------------------------------------------------------------
DATA16_C
  Relative segment, address: C49F - C4AB (0xd bytes), align: 0
  Segment part 58.            Intra module refs:   AppInformation
    -------------------------------------------------------------------------
DATA16_C
  Relative segment, address: C4AC - C4DE (0x33 bytes), align: 0
  Segment part 59.            Intra module refs:   AppInformation
    -------------------------------------------------------------------------
DATA16_C
  Relative segment, address: C4DF - C4EA (0xc bytes), align: 0
  Segment part 60.            Intra module refs:   AppInformation
    -------------------------------------------------------------------------
DATA16_C
  Relative segment, address: C4EB - C507 (0x1d bytes), align: 0
  Segment part 61.            Intra module refs:   AppInformation
    -------------------------------------------------------------------------
DATA16_C
  Relative segment, address: C508 - C510 (0x9 bytes), align: 0
  Segment part 62.            Intra module refs:   CommandListing
    -------------------------------------------------------------------------
DATA16_C
  Relative segment, address: C511 - C518 (0x8 bytes), align: 0
  Segment part 63.            Intra module refs:   CommandListing
    -------------------------------------------------------------------------
DATA16_C
  Relative segment, address: C519 - C51C (0x4 bytes), align: 0
  Segment part 64.            Intra module refs:   CmdIF_DataDefinitions
                                                   CmdIF_GetAppStates
                                                   CmdIF_GetNodeIDs
                                                   CmdIF_SetDataValue
                                                   CommandListing
                                                   DebugNote
                                                   ReportData
    -------------------------------------------------------------------------
DATA16_C
  Relative segment, address: C51D - C522 (0x6 bytes), align: 0
  Segment part 65.            Intra module refs:   CmdIF_DataDefinitions
                                                   CmdIF_GetAppStates
                                                   CommandListing
    -------------------------------------------------------------------------
DATA16_C
  Relative segment, address: C523 - C527 (0x5 bytes), align: 0
  Segment part 66.            Intra module refs:   ResponseCtrl
    -------------------------------------------------------------------------
DATA16_C
  Relative segment, address: C528 - C52D (0x6 bytes), align: 0
  Segment part 67.            Intra module refs:   ResponseCtrl
    -------------------------------------------------------------------------
DATA16_C
  Relative segment, address: C52E - C532 (0x5 bytes), align: 0
  Segment part 68.            Intra module refs:   MemoryRead
                                                   MemoryWrite
    -------------------------------------------------------------------------
DATA16_C
  Relative segment, address: C533 - C538 (0x6 bytes), align: 0
  Segment part 69.            Intra module refs:   MemoryRead
    -------------------------------------------------------------------------
DATA16_C
  Relative segment, address: C539 - C53E (0x6 bytes), align: 0
  Segment part 70.            Intra module refs:   MemoryRead
    -------------------------------------------------------------------------
DATA16_C
  Relative segment, address: C53F - C540 (0x2 bytes), align: 0
  Segment part 71.            Intra module refs:   DumpRadioRegisters
                                                   MemoryRead
    -------------------------------------------------------------------------
DATA16_C
  Relative segment, address: C541 - C547 (0x7 bytes), align: 0
  Segment part 72.            Intra module refs:   MemoryWrite
    -------------------------------------------------------------------------
DATA16_C
  Relative segment, address: C548 - C54C (0x5 bytes), align: 0
  Segment part 73.            Intra module refs:   CmdIF_DataDefinitions
                                                   MemoryWrite
                                                   ReportData
    -------------------------------------------------------------------------
DATA16_C
  Relative segment, address: C54D - C553 (0x7 bytes), align: 0
  Segment part 74.            Intra module refs:   ReportStatus
    -------------------------------------------------------------------------
DATA16_C
  Relative segment, address: C554 - C558 (0x5 bytes), align: 0
  Segment part 75.            Intra module refs:   ReportStatus
    -------------------------------------------------------------------------
DATA16_C
  Relative segment, address: C559 - C55B (0x3 bytes), align: 0
  Segment part 76.            Intra module refs:   CmdIF_GetNodeIDs
[...]
  Segment part 5.             Intra module refs:   _exit

    -------------------------------------------------------------------------
  LIBRARY MODULE, NAME : ?cstart

  SEGMENTS IN THE MODULE
  ======================
CSTACK
  Relative segment, address: 034C, align: 1
  Segment part 1.
    -------------------------------------------------------------------------
DATA16_Z
  Relative segment, address: 02D0, align: 1
  Segment part 2.
    -------------------------------------------------------------------------
DATA16_I
  Relative segment, address: 0248, align: 1
  Segment part 3.
    -------------------------------------------------------------------------
DATA16_ID
  Relative segment, address: C96C, align: 1
  Segment part 4.
    -------------------------------------------------------------------------
CSTART
  Relative segment, address: C96E - C971 (0x4 bytes), align: 1
  Segment part 7.
           ENTRY                   ADDRESS         REF BY
           =====                   =======         ======
           __program_start         C96E            ?reset_vector (?reset_vector)
                                                   Absolute parts (?ABS_ENTRY_MOD)
           ?cstart_begin           C96E 
    -------------------------------------------------------------------------
CSTART
  Relative segment, address: C972 - C97D (0xc bytes), align: 1
  Segment part 10.
           ENTRY                   ADDRESS         REF BY
           =====                   =======         ======
           ?cstart_init_zero       C972            ADCConversionDone (Callback)
                                                   CmdIFCommandString (CommandInterface)
                                                   ConfigSettings (RadioOperation)
                                                   DelayedResult (CommandInterface)
                                                   InCmdSeq (CommandInterface)
                                                   Nodes (Application)
                                                   Payloads (Application)
                                                   PushButton (Callback)
                                                   RXFlags (RadioOperation)
                                                   RadioLocal (RadioOperation)
                                                   RawCommand (CommandInterface)
                                                   Segment part 151 (CommandInterface)
                                                   Segment part 152 (CommandInterface)
                                                   TXFlags (RadioOperation)
                                                   TimerLocal (RadioOperation)
                                                   USCIA0RXQueue (Communication)
                                                   USCIA0TXQueue (Communication)
                                                   USCIB0Structure (Communication)
                                                   cFlags (CommandInterface)
                                                   configTimeoutCount (Callback)
                                                   pairingMask (Application)
                                                   rFlags (CommandInterface)
                                                   tFlags (CommandInterface)
    -------------------------------------------------------------------------
CSTART
  Relative segment, address: C97E - C98D (0x10 bytes), align: 1
  Segment part 11.
           ENTRY                   ADDRESS         REF BY
           =====                   =======         ======
           ?cstart_init_copy       C97E            ApplicationState (Application)
                                                   CommStructure (Communication)
                                                   DataDefinitions (CommandInterface)
                                                   USCIA0Structure (Communication)
                                                   communicationBuffer (Communication)
                                                   radio (RadioOperation)
    -------------------------------------------------------------------------
CSTART
  Relative segment, address: C98E - C995 (0x8 bytes), align: 1
  Segment part 14.            Intra module refs:   Segment part 7
           ENTRY                   ADDRESS         REF BY
           =====                   =======         ======
           ?cstart_call_main       C98E 
           ?cstart_end             C996 

    -------------------------------------------------------------------------
  LIBRARY MODULE, NAME : ?reset_vector

  SEGMENTS IN THE MODULE
  ======================
RESET
  Relative segment, address: FFFE - FFFF (0x2 bytes), align: 1
  Segment part 0.
           ENTRY                   ADDRESS         REF BY
           =====                   =======         ======
           ?reset_vector           FFFE            Segment part 7 (?cstart)

    -------------------------------------------------------------------------
  LIBRARY MODULE, NAME : ?Epilogue

  SEGMENTS IN THE MODULE
  ======================
<CODE> 1 (was CODE)
  Relative segment, address: FDCE - FDDF (0x12 bytes), align: 1
  Segment part 0.
           ENTRY                   ADDRESS         REF BY
           =====                   =======         ======
           ?Epilogue3              FDD8            AddNodeToNetwork (Application)
                                                   AppGPIOPort2 (Callback)
                                                   CC1101SPIExternalReadWrite (CC1101Interface)
                                                   CC1101WakeUp (CC1101Interface)
                                                   CmdIF_GetAppStates (CommandInterface)
                                                   CmdIF_GetNodeIDs (CommandInterface)
                                                   CmdIF_SetDataValue (CommandInterface)
                                                   CommunicationReadWrite (Communication)
                                                   CreateDataPacket (RadioOperation)
                                                   DataExchange (Protocol)
                                                   DumpRadioRegisters (CommandInterface)
                                                   FlashWriteChar (Architecture)
                                                   GetParmValue (CommandInterface)
                                                   NetworkValidation (Application)
                                                   ReportStatus (CommandInterface)
                                                   TagEnd (CommandInterface)
           ?Epilogue4              FDD6            CmdIFProcess (CommandInterface)
                                                   CmdIF_DataDefinitions (CommandInterface)
                                                   FrameListen (RadioOperation)
                                                   GetFrame (RadioOperation)
                                                   Listen (Protocol)
                                                   MapSensorsFromHW (CommandInterface)
                                                   ModuleInfo (CommandInterface)
                                                   ReportData (CommandInterface)
                                                   WriteMyFlashedRSCP (Application)
           ?Epilogue5              FDD4            FrameSend (RadioOperation)
                                                   ResponseParameter (CommandInterface)
                                                   SetCommunicationBuffer (Communication)
           ?Epilogue6              FDD2            CmdIFResponse (CommandInterface)
                                                   ElemAttrUniv (CommandInterface)
                                                   RXTXCycle (Protocol)
                                                   ResponseNumber (CommandInterface)
           ?Epilogue7              FDD0 
           ?Epilogue8              FDCE            ChangeConfiguration (RadioOperation)
                                                   ConfigurationInfo (CommandInterface)

    -------------------------------------------------------------------------
  LIBRARY MODULE, NAME : ?exit

  SEGMENTS IN THE MODULE
  ======================
<CODE> 1 (was CODE)
  Relative segment, address: FF5C - FF5F (0x4 bytes), align: 1
  Segment part 2.
           ENTRY                   ADDRESS         REF BY
           =====                   =======         ======
           exit                    FF5C            Segment part 14 (?cstart)
               calls direct
               CSTACK = 00000000 ( 00000002 )

    -------------------------------------------------------------------------
  LIBRARY MODULE, NAME : ?Mul816

  SEGMENTS IN THE MODULE
  ======================
<CODE> 1 (was CODE)
  Relative segment, address: F5B2 - F5E3 (0x32 bytes), align: 1
  Segment part 0.
           ENTRY                   ADDRESS         REF BY
           =====                   =======         ======
           ?Mul8                   F5B2            ReportStatus (CommandInterface)
           ?Mul16                  F5B6            ReportStatus (CommandInterface)
           ?Mul16to32u             F5B6 

    -------------------------------------------------------------------------
  LIBRARY MODULE, NAME : ?Mul32

  SEGMENTS IN THE MODULE
  ======================
<CODE> 1 (was CODE)
  Relative segment, address: F646 - F675 (0x30 bytes), align: 1
  Segment part 0.
           ENTRY                   ADDRESS         REF BY
           =====                   =======         ======
           ?Mul32                  F646            CreateRandomAddress (Application)

    -------------------------------------------------------------------------
  LIBRARY MODULE, NAME : ?DivMod816u

  SEGMENTS IN THE MODULE
  ======================
<CODE> 1 (was CODE)
  Relative segment, address: FB54 - FB6F (0x1c bytes), align: 1
  Segment part 0.
           ENTRY                   ADDRESS         REF BY
           =====                   =======         ======
           ?DivMod8u               FB54            CmdIFResponse (CommandInterface)
           ?DivMod16u              FB58 

    -------------------------------------------------------------------------
  LIBRARY MODULE, NAME : ?DivMod32u

  SEGMENTS IN THE MODULE
  ======================
<CODE> 1 (was CODE)
  Relative segment, address: F408 - F43F (0x38 bytes), align: 1
  Segment part 0.
           ENTRY                   ADDRESS         REF BY
           =====                   =======         ======
           ?DivMod32u              F408            ?DivMod32s (?DivMod32s)
                                                   ResponseNumber (CommandInterface)

    -------------------------------------------------------------------------
  LIBRARY MODULE, NAME : ?DivMod32s

  SEGMENTS IN THE MODULE
  ======================
<CODE> 1 (was CODE)
  Relative segment, address: F226 - F265 (0x40 bytes), align: 1
  Segment part 0.
           ENTRY                   ADDRESS         REF BY
           =====                   =======         ======
           ?DivMod32s              F226            ResponseNumber (CommandInterface)

    -------------------------------------------------------------------------
  LIBRARY MODULE, NAME : ?ShiftLeft32

  SEGMENTS IN THE MODULE
  ======================
<CODE> 1 (was CODE)
  Relative segment, address: FB70 - FB8B (0x1c bytes), align: 1
  Segment part 0.
           ENTRY                   ADDRESS         REF BY
           =====                   =======         ======
           ?ShiftLeft32            FB70            GetParmValue (CommandInterface)
                                                   ReadMyFlashedID (Application)

    -------------------------------------------------------------------------
  LIBRARY MODULE, NAME : ?ShiftRight32u

  SEGMENTS IN THE MODULE
  ======================
<CODE> 1 (was CODE)
  Relative segment, address: FA7E - FA9D (0x20 bytes), align: 1
  Segment part 0.
           ENTRY                   ADDRESS         REF BY
           =====                   =======         ======
           ?ShiftRight32u          FA7E            WriteMyFlashedID (Application)

    -------------------------------------------------------------------------
  LIBRARY MODULE, NAME : ?memcpy

  SEGMENTS IN THE MODULE
  ======================
<CODE> 1 (was CODE)
  Relative segment, address: FDAA - FDBB (0x12 bytes), align: 1
  Segment part 2.
           ENTRY                   ADDRESS         REF BY
           =====                   =======         ======
           memcpy                  FDAA            __data16_memcpy (?memzero)
               CSTACK = 00000000 ( 00000002 )

    -------------------------------------------------------------------------
  LIBRARY MODULE, NAME : ?memzero

  SEGMENTS IN THE MODULE
  ======================
<CODE> 1 (was CODE)
  Relative segment, address: FDF2 - FE03 (0x12 bytes), align: 1
  Segment part 4.
           ENTRY                   ADDRESS         REF BY
           =====                   =======         ======
           __data16_memzero        FDF2            ?cstart_init_zero (?cstart)
               CSTACK = 00000000 ( 00000002 )
    -------------------------------------------------------------------------
<CODE> 1 (was CODE)
  Relative segment, address: FF38 - FF3B (0x4 bytes), align: 1
  Segment part 3.
           ENTRY                   ADDRESS         REF BY
           =====                   =======         ======
           __data16_memcpy         FF38            ?cstart_init_copy (?cstart)
               calls direct
               CSTACK = 00000000 ( 00000002 )

    -------------------------------------------------------------------------
  LIBRARY MODULE, NAME : ?__exit

  SEGMENTS IN THE MODULE
  ======================
<CODE> 1 (was CODE)
  Relative segment, address: FF82 - FF83 (0x2 bytes), align: 1
  Segment part 2.
           ENTRY                   ADDRESS         REF BY
           =====                   =======         ======
           __exit                  FF82            Segment part 5 (?_exit)
                                                   _exit (?_exit)




                ****************************************
                *                                      *
                *            MODULE SUMMARY            *
                *                                      *
                ****************************************

Module                  CODE      DATA      CONST
------                  ----      ----      -----
                       (Rel)  (Rel)  (Abs)  (Rel)
?DivMod32s                64
?DivMod32u                56
?DivMod816u               28
?Epilogue                 18
?Mul32                    48
?Mul816                   50
?ShiftLeft32              28
?ShiftRight32u            32
?__exit                    2
?_exit                     4
?cstart                   40
?exit                      4
?memcpy                   18
?memzero                  22
?reset_vector              2
ADC10                     66             5
  + shared                12             6
  + common
Application            1 162    119      8     34
  + shared                               5
Architecture             160             4
  + shared                               4
BasicClockSystemPlus      32             4
CC1101Interface          466
  + shared                               3
CCXXXInterface           264
COMPortInterface          58
Callback                 294      3
  + shared                              10
CommandInterface       5 890     33         1 003
  + shared                               2
Communication            432     52            24
DataConverter              8
DigitalIO                164             7
  + shared                 8             3
  + common
FPI                       24
GPIO                      90
Protocol               1 200
  + shared                               4
RadioInterface           186
RadioOperation         1 882    122         1 351
Timer                     38             2
TimerA                   116             6
  + common                20
USCI                     616            19
  + common                16
main                     284
N/A (command line)              180
N/A (alignment)
----------            ------    ---     --  -----
Total:                13 848    509     92  2 412
  + common                20


                ****************************************
                *                                      *
                *      SEGMENTS IN ADDRESS ORDER       *
                *                                      *
                ****************************************


SEGMENT              SPACE    START ADDRESS   END ADDRESS     SIZE  TYPE  ALIGN
=======              =====    =============   ===========     ====  ====  =====
DATA16_AN                              0000 - 0003               4   rel    0
                                       0019 - 0019               1 
                                       0020 - 0027               8 
                                       0029 - 002F               7 
                                       0041 - 0041               1 
                                       0048 - 004A               3 
                                       0053 - 0053               1 
                                       0056 - 0058               3 
                                       005D - 006B               F 
                                       006E - 006F               2 
                                       0120 - 0121               2 
                                       0128 - 0129               2 
                                       012C - 012F               4 
                                       0160 - 0167               8 
                                       0170 - 0177               8 
                                       01B0 - 01B5               6 
                                       01BC - 01BD               2 
DATA16_I                               0200 - 0248              49   rel    1
DATA16_Z                               024A - 0349             100   rel    1
CSTACK                                 034C - 03FF              B4   rel    1
DATA16_AN                              1000 - 100B               C   rel    0
                                       1010 - 1010               1 
                                       10FC - 10FD               2 
DATA16_C                               C000 - C922             923   rel    1
DATA16_ID                              C924 - C96C              49   rel    1
CSTART                                 C96E - C995              28   rel    1
<CODE> 1                               C996 - FF83            35EE   rel    1
INTVEC                                 FFE0 - FFF3              14   com    1
RESET                                  FFFE - FFFF               2   rel    1

                ****************************************
                *                                      *
                *        END OF CROSS REFERENCE        *
                *                                      *
                ****************************************

 13 868 bytes of CODE  memory
    509 bytes of DATA  memory (+ 92 absolute )
  2 412 bytes of CONST memory

Errors: none
Warnings: none

